<html>
<body>
<pre>
<h1>µVision Build Log</h1>
<h2>Project:</h2>
F:\arm\U0ART\U0ART_DISP.uvproj
Project File Date:  02/19/2015

<h2>Output:</h2>
Build target 'Target 1'
compiling URT.C...
URT.C(78): warning:  #1-D: last line of file ends without a newline
  }*/
URT.C: 1 warning, 0 errors
linking...
Program Size: Code=808 RO-data=32 RW-data=4 ZI-data=1260  
FromELF: creating hex file...
".\U0ART_DISP.axf" - 0 Error(s), 1 Warning(s).
</pre>
</body>
</html>
LF: creating hex file...
".\U0ART_DISP.axf" - 0 Error(s), 2 Warning(s).
get not created
